Estimation from OptimizeHeter:
Contaminating Sample PC1:-0.00829327	PC2:0.0239812	
Intended Sample PC1:-0.0093567	PC2:0.0248118	
FREEMIX(Alpha):0.185126
